// Jest Snapshot v1, https://goo.gl/fbAQLP

exports[`<App /> should match snapshot 1`] = `
<DataProvider>
  <BrowserRouter>
    <ThemeProvider
      theme={
        Object {
          "bodyFont": "Arial, Helvetica, -apple-system, BlinkMacSystemFont, 'Segoe UI', Roboto, Oxygen, Ubuntu, Cantarell, 'Open Sans', 'Helvetica Neue', sans-serif",
          "brandColor": "rgb(0, 72, 206)",
          "dangerColor": "rgb(222, 50, 82)",
          "main": "white",
          "neutralColor": "rgb(100, 100, 100)",
          "secondaryColor": "#ff8c0e",
          "sidebarColor": "rgba(247, 205, 219, 0.8)",
          "text": "#443",
          "titleFont": "montserratregular, Helvetica, sans-serif",
        }
      }
    >
      <Routes />
      <Memo(GlobalStyleComponent) />
    </ThemeProvider>
  </BrowserRouter>
</DataProvider>
`;
