// Jest Snapshot v1, https://goo.gl/fbAQLP

exports[`test should do some stuff 1`] = `
Array [
  .c1 {
  font-family: montserratregular,Helvetica,sans-serif;
  margin: 2em 0;
  font-size: 18px;
  text-transform: uppercase;
  -webkit-letter-spacing: 5px;
  -moz-letter-spacing: 5px;
  -ms-letter-spacing: 5px;
  letter-spacing: 5px;
  background: none;
  color: inherit;
  border: none;
  padding: 0;
  cursor: pointer;
  outline: inherit;
  position: fixed;
  z-index: 1;
  top: 0;
  left: 25px;
  background: rgba(255,255,255,0.6);
  padding: 5px;
  box-shadow: rgba(255,255,255,0.6) 0px 0px 10px 10px;
  border-radius: 40%;
  margin-top: 1em;
}

.c2 .c0 {
  margin-top: 0;
  margin-bottom: 0;
}

<h1
    className="c0 c1"
    data-test="menu"
    onClick={[Function]}
    size="small"
    type="button"
  >
    Menu
  </h1>,
  .c0 {
  display: -webkit-box;
  display: -webkit-flex;
  display: -ms-flexbox;
  display: flex;
  -webkit-flex-direction: column;
  -ms-flex-direction: column;
  flex-direction: column;
  -webkit-box-pack: justify;
  -webkit-justify-content: space-between;
  -ms-flex-pack: justify;
  justify-content: space-between;
  position: fixed;
  width: 400px;
  max-width: 80vw;
  top: 0;
  left: -40em;
  z-index: 1;
  background: rgba(247,205,219,0.8);
  height: 100%;
  overflow: scroll;
  -webkit-transition: left 200ms ease-in;
  transition: left 200ms ease-in;
  font-family: montserratregular;
  padding: 1em 0;
}

.c0 .c1 {
  margin-top: 0;
  margin-bottom: 0;
}

.c3 {
  margin-left: 0;
  padding-left: 0;
}

.c4 {
  list-style: none;
  margin-left: 0;
  margin-bottom: 1em;
}

.c5 {
  -webkit-text-decoration: none;
  text-decoration: none;
  color: #444;
}

.c2 {
  font-family: montserratregular,Helvetica,sans-serif;
  margin: 2em 0;
  font-size: 24px;
  text-transform: uppercase;
  -webkit-letter-spacing: 5px;
  -moz-letter-spacing: 5px;
  -ms-letter-spacing: 5px;
  letter-spacing: 5px;
  background: none;
  color: inherit;
  border: none;
  padding: 0;
  cursor: pointer;
  outline: inherit;
}

.c6 {
  font-family: montserratregular,Helvetica,sans-serif;
  margin: 2em 0;
  font-size: 24px;
  text-transform: uppercase;
  -webkit-letter-spacing: 5px;
  -moz-letter-spacing: 5px;
  -ms-letter-spacing: 5px;
  letter-spacing: 5px;
  -webkit-text-decoration: none;
  text-decoration: none;
  color: #444;
}

<div
    className="c0"
    onClick={[Function]}
  >
    <div>
      <button
        className="c1 c2"
        onClick={[Function]}
        type="button"
      >
        Close âœ–
      </button>
      <ul
        className="c3"
      >
        <li
          className="c4"
        >
          <a
            className="c5"
            data-test="admin"
            href="/admin"
            onClick={[Function]}
          >
            ADMIN
          </a>
        </li>
        <li
          className="c4"
        >
          <a
            className="c5"
            href="/pending"
            onClick={[Function]}
          >
            Pending
          </a>
        </li>
        <li
          className="c4"
        >
          <a
            className="c5"
            data-test="home"
            href="/"
            onClick={[Function]}
          >
            HOME
          </a>
        </li>
        <li
          className="c4"
        >
          <a
            className="c5"
            href="/faq"
            onClick={[Function]}
          >
            FAQ
          </a>
        </li>
      </ul>
    </div>
    <a
      className="c1 c6"
      href="mailto:leifdalan@gmail.com"
    >
      Help!
    </a>
  </div>,
  .c0 {
  max-width: 39em;
  margin: 0 auto;
}

.c1 {
  margin: 2em auto;
}

.c1 text {
  font-family: lobster;
  fill: #444;
}

<section
    className="c0"
  >
    <svg
      className="c1"
      viewBox="0 0 88 20"
    >
      <text
        x="4"
        y="17"
      >
        Carpe Dalan
      </text>
    </svg>
  </section>,
  .c1 {
  font-family: montserratregular,Helvetica,sans-serif;
  margin: 2em 0;
  font-size: 18px;
  text-transform: uppercase;
  -webkit-letter-spacing: 5px;
  -moz-letter-spacing: 5px;
  -ms-letter-spacing: 5px;
  letter-spacing: 5px;
  background: none;
  color: inherit;
  border: none;
  padding: 0;
  cursor: pointer;
  outline: inherit;
  position: fixed;
  z-index: 1;
  top: 0;
  right: 25px;
  background: rgba(255,255,255,0.6);
  padding: 5px;
  box-shadow: rgba(255,255,255,0.6) 0px 0px 10px 10px;
  border-radius: 40%;
  margin-top: 1em;
}

.c1 a {
  color: #444;
  -webkit-text-decoration: none;
  text-decoration: none;
}

.c2 .c0 {
  margin-top: 0;
  margin-bottom: 0;
}

<h1
    className="c0 c1"
    size="small"
  >
    <a
      data-test="Grid"
      href="/#grid"
      onClick={[Function]}
    >
      Grid
    </a>
  </h1>,
  .c0 {
  max-width: 39em;
  margin: 0 auto;
}

<section
    className="c0"
  >
    <div
      style={
        Object {
          "overflow": "visible",
          "width": 0,
        }
      }
    >
      <div>
        <div
          aria-label="grid"
          aria-readonly={true}
          className="ReactVirtualized__Grid ReactVirtualized__List"
          onScroll={[Function]}
          role="grid"
          style={
            Object {
              "WebkitOverflowScrolling": "touch",
              "boxSizing": "border-box",
              "direction": "ltr",
              "height": "auto",
              "overflowX": "hidden",
              "overflowY": "hidden",
              "position": "relative",
              "width": 0,
              "willChange": "transform",
            }
          }
          tabIndex={0}
        />
      </div>
    </div>
  </section>,
]
`;
